============================= test session starts =============================
platform win32 -- Python 3.13.14, pytest-9.1.1, pluggy-1.6.0 -- C:\Users\Administrator\AppData\Local\Programs\Python\Python313\python.exe
cachedir: .pytest_cache
rootdir: D:\SmartShapeCrop
configfile: pytest.ini
collecting ... collected 151 items

tests/test_border_fix.py::TestBorderDetection::test_detect_on_original SKIPPEDm.jpg）) [  0%]
tests/test_border_fix.py::TestBorderDetection::test_detect_after_resize SKIPPEDm.jpg）) [  1%]
tests/test_border_fix.py::TestApplyBorderOnlyCorners::test_keeps_border_pixels[small_corner_border_only] SKIPPED.jpg）) [  1%]
tests/test_border_fix.py::TestApplyBorderOnlyCorners::test_no_exception_save_result[small_corner_border_only] SKIPPED.jpg）) [  2%]
tests/test_border_fix.py::TestApplyRoundedCorners::test_br_2cm_keeps_border SKIPPEDm.jpg）) [  3%]
tests/test_config.py::TestConfigConstants::test_border_width PASSED      [  3%]
tests/test_config.py::TestConfigConstants::test_default_dpi_is_150 PASSED [  4%]
tests/test_config.py::TestConfigConstants::test_cut_loss PASSED          [  5%]
tests/test_config.py::TestConfigConstants::test_default_bg_color PASSED  [  5%]
tests/test_config.py::TestConfigConstants::test_default_crop_mode PASSED [  6%]
tests/test_config.py::TestConfigConstants::test_color_distance_threshold PASSED [  7%]
tests/test_config.py::TestUnitConversion::test_cm_to_px_basic PASSED     [  7%]
tests/test_config.py::TestUnitConversion::test_cm_to_px_min_value_1 PASSED [  8%]
tests/test_config.py::TestUnitConversion::test_cm_to_px_default_dpi PASSED [  9%]
tests/test_config.py::TestUnitConversion::test_px_to_cm_basic PASSED     [  9%]
tests/test_config.py::TestUnitConversion::test_inverse_conversion PASSED [ 10%]
tests/test_config.py::TestConfigConsistency::test_image_cropper_uses_config PASSED [ 11%]
tests/test_config.py::TestConfigConsistency::test_crop_config_default_dpi PASSED [ 11%]
tests/test_config.py::TestConfigConsistency::test_crop_config_default_mode PASSED [ 12%]
tests/test_fix_validation.py::test_name_parser PASSED                    [ 13%]
tests/test_fix_validation.py::test_direction_correction PASSED           [ 13%]
tests/test_fix_validation.py::test_margin_validation PASSED              [ 14%]
tests/test_image_cropper.py::TestCropConfig::test_default_dpi PASSED     [ 15%]
tests/test_image_cropper.py::TestCropConfig::test_default_mode PASSED    [ 15%]
tests/test_image_cropper.py::TestCropConfig::test_default_bg_color PASSED [ 16%]
tests/test_image_cropper.py::TestCropConfig::test_custom_values PASSED   [ 17%]
tests/test_image_cropper.py::TestApplyRoundedCorners::test_br_corner_filled_with_bg PASSED [ 17%]
tests/test_image_cropper.py::TestApplyRoundedCorners::test_center_preserved PASSED [ 18%]
tests/test_image_cropper.py::TestApplyRoundedCorners::test_no_corners_no_change PASSED [ 19%]
tests/test_image_cropper.py::TestApplyBorderOnlyCorners::test_inner_area_unchanged PASSED [ 19%]
tests/test_image_cropper.py::TestApplyBorderOnlyCorners::test_corner_filled_with_bg PASSED [ 20%]
tests/test_image_cropper.py::TestCropImageIntegration::test_simple_resize_mode PASSED [ 21%]
tests/test_image_cropper.py::TestCropImageIntegration::test_no_corners PASSED [ 21%]
tests/test_name_parser.py::TestSizeParsing::test_basic_size PASSED       [ 22%]
tests/test_name_parser.py::TestSizeParsing::test_decimal_size PASSED     [ 23%]
tests/test_name_parser.py::TestSizeParsing::test_decimal_large_size PASSED [ 23%]
tests/test_name_parser.py::TestSizeParsing::test_full_width_x PASSED     [ 24%]
tests/test_name_parser.py::TestSizeParsing::test_star_separator PASSED   [ 25%]
tests/test_name_parser.py::TestSizeParsing::test_2_decimal_precision PASSED [ 25%]
tests/test_name_parser.py::TestParseFilename::test_vertical_layout PASSED [ 26%]
tests/test_name_parser.py::TestParseFilename::test_horizontal_layout PASSED [ 27%]
tests/test_name_parser.py::TestParseFilename::test_corner_br_2cm PASSED  [ 27%]
tests/test_name_parser.py::TestParseFilename::test_corner_br_3cm_variant PASSED [ 28%]
tests/test_name_parser.py::TestParseFilename::test_all_corners PASSED    [ 29%]
tests/test_name_parser.py::TestParseFilename::test_large_radius_6cm PASSED [ 29%]
tests/test_name_parser.py::TestParseFilename::test_no_corners PASSED     [ 30%]
tests/test_name_parser.py::TestParseFilename::test_decimal_in_full_filename PASSED [ 31%]
tests/test_name_parser.py::TestParseFilename::test_material_extraction PASSED [ 31%]
tests/test_name_parser.py::TestFmtNum::test_integer_no_decimal PASSED    [ 32%]
tests/test_name_parser.py::TestFmtNum::test_decimal_kept PASSED          [ 33%]
tests/test_name_parser.py::TestFmtNum::test_zero PASSED                  [ 33%]
tests/test_name_parser.py::TestGenerateFilename::test_roundtrip_vertical PASSED [ 34%]
tests/test_name_parser.py::TestGenerateFilename::test_roundtrip_horizontal PASSED [ 35%]
tests/test_name_parser.py::TestFourCornerParsing::test_four_corner_variants[\u56db\u4e2a\u89d2\u5706\u89d2\u534a\u5f842.5cm-2.5] PASSED [ 35%]
tests/test_name_parser.py::TestFourCornerParsing::test_four_corner_variants[\u56db\u4e2a\u89d2\u5706\u89d2\u534a\u5f842.5\u5398\u7c73-2.5] PASSED [ 36%]
tests/test_name_parser.py::TestFourCornerParsing::test_four_corner_variants[4\u4e2a\u89d2\u5706\u89d2\u534a\u5f842.5cm-2.5] PASSED [ 37%]
tests/test_name_parser.py::TestFourCornerParsing::test_four_corner_variants[\u56db\u4e2a\u5706\u89d2\u534a\u5f842.5cm-2.5] PASSED [ 37%]
tests/test_name_parser.py::TestFourCornerParsing::test_four_corner_variants[4\u4e2a\u5706\u89d2\u534a\u5f842.5cm-2.5] PASSED [ 38%]
tests/test_name_parser.py::TestFourCornerParsing::test_four_corner_variants[\u56db\u4e2a\u89d2\u505a2.5cm\u534a\u5f84\u5706\u5f27\u89d2-2.5] PASSED [ 39%]
tests/test_name_parser.py::TestFourCornerParsing::test_four_corner_variants[4\u4e2a\u89d2\u505a2.5\u5398\u7c73\u534a\u5f84\u5706\u5f27\u89d2-2.5] PASSED [ 39%]
tests/test_name_parser.py::TestFourCornerParsing::test_four_corner_variants[\u56db\u89d2\u534a\u5f845cm-5.0] PASSED [ 40%]
tests/test_name_parser.py::TestFourCornerParsing::test_four_corner_variants[\u56db\u89d2\u5706\u89d2\u534a\u5f842cm-2.0] PASSED [ 41%]
tests/test_name_parser.py::TestFourCornerParsing::test_four_corner_in_filename PASSED [ 41%]
tests/test_name_parser.py::TestPairCornerParsing::test_pair_corner_variants[\u5de6\u4e0b\u89d2\u548c\u53f3\u4e0b\u89d2\u505a3cm\u534a\u5f84\u5706\u5f27\u89d2-keys0-3.0] PASSED [ 42%]
tests/test_name_parser.py::TestPairCornerParsing::test_pair_corner_variants[\u5de6\u4e0b\u89d2\u548c\u53f3\u4e0b\u89d2\u5404\u4e00\u4e2a\u5706\u89d2\u534a\u5f843cm-keys1-3.0] PASSED [ 43%]
tests/test_name_parser.py::TestPairCornerParsing::test_pair_corner_variants[\u5de6\u4e0b\u89d2\u548c\u53f3\u4e0b\u89d2\u5706\u89d2\u534a\u5f843cm-keys2-3.0] PASSED [ 43%]
tests/test_name_parser.py::TestPairCornerParsing::test_pair_corner_variants[\u5de6\u4e0b\u89d2\u53f3\u4e0b\u89d2\u662f\u5706\u89d2\u534a\u5f843cm-keys3-3.0] PASSED [ 44%]
tests/test_name_parser.py::TestPairCornerParsing::test_pair_corner_variants[\u5de6\u4e0b\u89d2\u548c\u53f3\u4e0b\u89d2\u505a3\u5398\u7c73\u534a\u5f84\u5706\u5f27\u89d2-keys4-3.0] PASSED [ 45%]
tests/test_name_parser.py::TestPairCornerParsing::test_pair_corner_variants[\u5de6\u4e0a\u89d2\u548c\u53f3\u4e0a\u89d2\u5706\u89d2\u534a\u5f842cm-keys5-2.0] PASSED [ 45%]
tests/test_name_parser.py::TestPairCornerParsing::test_pair_corner_variants[\u5de6\u4e0a\u89d2\u548c\u5de6\u4e0b\u89d2\u5706\u89d2\u534a\u5f844cm-keys6-4.0] PASSED [ 46%]
tests/test_name_parser.py::TestSingleCornerParsing::test_single_corner_variants[\u5de6\u4e0b\u89d2\u5706\u89d2\u534a\u5f843.1cm-bl-3.1] PASSED [ 47%]
tests/test_name_parser.py::TestSingleCornerParsing::test_single_corner_variants[\u53f3\u4e0b\u89d2\u5706\u89d2\u534a\u5f843.1cm-br-3.1] PASSED [ 47%]
tests/test_name_parser.py::TestSingleCornerParsing::test_single_corner_variants[\u5de6\u4e0a\u89d2\u5706\u89d2\u534a\u5f843.1cm-tl-3.1] PASSED [ 48%]
tests/test_name_parser.py::TestSingleCornerParsing::test_single_corner_variants[\u53f3\u4e0a\u89d2\u5706\u89d2\u534a\u5f843.1cm-tr-3.1] PASSED [ 49%]
tests/test_name_parser.py::TestSingleCornerParsing::test_single_corner_variants[\u5de6\u4e0b\u89d2\u4e00\u4e2a\u5706\u89d2\u534a\u5f843.1\u5398\u7c73-bl-3.1] PASSED [ 49%]
tests/test_name_parser.py::TestSingleCornerParsing::test_single_corner_variants[\u5de6\u4e0b\u89d2\u505a3.1cm\u534a\u5f84\u5706\u5f27\u89d2-bl-3.1] PASSED [ 50%]
tests/test_name_parser.py::TestSingleCornerParsing::test_single_corner_variants[\u5de6\u4e0b\u89d2\u662f\u5706\u89d23.1cm\u534a\u5f84-bl-3.1] PASSED [ 50%]
tests/test_name_parser.py::TestSingleCornerParsing::test_single_corner_variants[\u5de6\u4e0b\u89d2\u5706\u89d2\u534a\u5f843.1\u5398\u7c73-bl-3.1] PASSED [ 51%]
tests/test_name_parser.py::TestSingleCornerParsing::test_single_corner_variants[\u5de6\u4e0b\u89d2\u534a\u5f843cm-bl-3.0] PASSED [ 52%]
tests/test_name_parser.py::TestFormatCornerSpec::test_four_corners_same_radius PASSED [ 52%]
tests/test_name_parser.py::TestFormatCornerSpec::test_four_corners_same_radius_decimal PASSED [ 53%]
tests/test_name_parser.py::TestFormatCornerSpec::test_two_corners_same_radius PASSED [ 54%]
tests/test_name_parser.py::TestFormatCornerSpec::test_two_corners_top PASSED [ 54%]
tests/test_name_parser.py::TestFormatCornerSpec::test_single_corner PASSED [ 55%]
tests/test_name_parser.py::TestFormatCornerSpec::test_no_corners PASSED  [ 56%]
tests/test_name_parser.py::TestFormatCornerSpec::test_mixed_radii PASSED [ 56%]
tests/test_name_parser.py::TestFilenamePreviewIntegration::test_user_example_four_corners PASSED [ 57%]
tests/test_name_parser.py::TestFilenamePreviewIntegration::test_user_example_pair_corners PASSED [ 58%]
tests/test_name_parser.py::TestFilenamePreviewIntegration::test_user_example_single_corner PASSED [ 58%]
tests/test_parse_sketch_characterization.py::TestWideSketch::test_geometry_driven_path PASSED [ 59%]
tests/test_parse_sketch_characterization.py::TestTallSketch::test_geometry_driven_path_tall PASSED [ 60%]
tests/test_parse_sketch_characterization.py::TestClassicFallback::test_classic_fallback_geometry PASSED [ 60%]
tests/test_rounded_corner.py::TestCornerAngles::test_tl_angle PASSED     [ 61%]
tests/test_rounded_corner.py::TestCornerAngles::test_tr_angle PASSED     [ 62%]
tests/test_rounded_corner.py::TestCornerAngles::test_bl_angle PASSED     [ 62%]
tests/test_rounded_corner.py::TestCornerAngles::test_br_angle PASSED     [ 63%]
tests/test_rounded_corner.py::TestCornerAngles::test_all_four_corners_present PASSED [ 64%]
tests/test_rounded_corner.py::TestCornerGeometry::test_square_br PASSED  [ 64%]
tests/test_rounded_corner.py::TestCornerGeometry::test_square_tl PASSED  [ 65%]
tests/test_rounded_corner.py::TestCornerGeometry::test_square_with_offset PASSED [ 66%]
tests/test_rounded_corner.py::TestCornerGeometry::test_pieslice_bbox_br PASSED [ 66%]
tests/test_rounded_corner.py::TestCornerGeometry::test_pieslice_bbox_tl PASSED [ 67%]
tests/test_rounded_corner.py::TestCarveCornerOnMask::test_zero_radius_no_change PASSED [ 68%]
tests/test_rounded_corner.py::TestCarveCornerOnMask::test_negative_radius_no_change PASSED [ 68%]
tests/test_rounded_corner.py::TestCarveCornerOnMask::test_br_corner_carves_square PASSED [ 69%]
tests/test_rounded_corner.py::TestCarveCornerOnMask::test_br_corner_preserves_quarter_circle PASSED [ 70%]
tests/test_rounded_corner.py::TestCarveCornerOnMask::test_center_unchanged PASSED [ 70%]
tests/test_rounded_corner.py::TestCarveCornerOnMask::test_all_four_corners PASSED [ 71%]
tests/test_rounded_corner.py::TestCarveCornerOnMask::test_oversized_radius_clamped PASSED [ 72%]
tests/test_rounded_corner.py::TestCarveCornerOnMask::test_offset_rect PASSED [ 72%]
tests/test_rounded_corner.py::TestMaskConsistency::test_image_cropper_uses_carve PASSED [ 73%]
tests/test_rounded_corner.py::TestMaskConsistency::test_geometry_uses_carve PASSED [ 74%]
tests/test_rounded_corner.py::TestCornerContentProtection::test_protect_content_when_radius_le_2x_border_depth PASSED [ 74%]
tests/test_rounded_corner.py::TestCornerContentProtection::test_border_corner_correctly_carved_in_protection_mode PASSED [ 75%]
tests/test_sketch_input_validation.py::TestValidSketch::test_valid_small_png PASSED [ 76%]
tests/test_sketch_input_validation.py::TestValidSketch::test_accepts_all_whitelisted_ext PASSED [ 76%]
tests/test_sketch_input_validation.py::TestRejectedSketch::test_nonexistent_path PASSED [ 77%]
tests/test_sketch_input_validation.py::TestRejectedSketch::test_unsupported_format PASSED [ 78%]
tests/test_sketch_input_validation.py::TestRejectedSketch::test_empty_file PASSED [ 78%]
tests/test_sketch_input_validation.py::TestRejectedSketch::test_corrupt_image PASSED [ 79%]
tests/test_sketch_input_validation.py::TestRejectedSketch::test_oversize_file_rejected PASSED [ 80%]
tests/test_sketch_input_validation.py::TestRejectedSketch::test_too_many_pixels_rejected PASSED [ 80%]
tests/test_sketch_input_validation.py::TestRejectedSketch::test_thresholds_restored PASSED [ 81%]
tests/test_sketch_parser_logic.py::TestComputeGaps::test_all_four_gaps_valid PASSED [ 82%]
tests/test_sketch_parser_logic.py::TestComputeGaps::test_inner_equals_outer_filters_all PASSED [ 82%]
tests/test_sketch_parser_logic.py::TestComputeGaps::test_thin_horizontal_gap_filtered PASSED [ 83%]
tests/test_sketch_parser_logic.py::TestScoreAssignmentConsistency::test_fully_self_consistent_is_one PASSED [ 84%]
tests/test_sketch_parser_logic.py::TestScoreAssignmentConsistency::test_zero_outer_is_zero PASSED [ 84%]
tests/test_sketch_parser_logic.py::TestScoreAssignmentConsistency::test_inner_exceeds_outer_is_clamped_zero PASSED [ 85%]
tests/test_sketch_parser_logic.py::TestScoreAssignmentConsistency::test_negative_margin_penalized PASSED [ 86%]
tests/test_sketch_parser_logic.py::TestScoreAssignmentConsistency::test_partial_outer_only_low_score PASSED [ 86%]
tests/test_sketch_parser_logic.py::TestScoreAssignmentConsistency::test_consistent_beats_inconsistent PASSED [ 87%]
tests/test_sketch_parser_logic.py::TestValidateAndFixMargins::test_derive_missing_margin_from_known PASSED [ 88%]
tests/test_sketch_parser_logic.py::TestValidateAndFixMargins::test_rescale_when_ratio_far_off PASSED [ 88%]
tests/test_sketch_parser_logic.py::TestValidateAndFixMargins::test_clip_oversized_margin PASSED [ 89%]
tests/test_sketch_parser_logic.py::TestValidateAndFixMargins::test_negative_margin_zeroed PASSED [ 90%]
tests/test_sketch_parser_logic.py::TestValidateAndFixMargins::test_does_not_overwrite_correct_margins PASSED [ 90%]
tests/test_sketch_parser_logic.py::TestValidateGeometricConstraints::test_ocr_close_to_geometric_is_kept PASSED [ 91%]
tests/test_sketch_parser_logic.py::TestValidateGeometricConstraints::test_ocr_far_from_geometric_is_overridden PASSED [ 92%]
tests/test_sketch_parser_logic.py::TestValidateGeometricConstraints::test_missing_margin_filled_from_geometric PASSED [ 92%]
tests/test_template_matcher.py::TestTemplateMatcher::test_scan_library PASSED [ 93%]
tests/test_template_matcher.py::TestTemplateMatcher::test_find_best_match_exact_size PASSED [ 94%]
tests/test_template_matcher.py::TestTemplateMatcher::test_find_best_match_pattern_name PASSED [ 94%]
tests/test_template_matcher.py::TestTemplateMatcher::test_direction_mismatch_lower_score PASSED [ 95%]
tests/test_template_matcher.py::TestTemplateMatcher::test_no_match_returns_none PASSED [ 96%]
tests/test_template_matcher.py::TestTemplateMatcher::test_cache_invalidated_on_dir_change PASSED [ 96%]
tests/test_template_matcher.py::TestScoringDetails::test_size_diff_zero_for_exact_match PASSED [ 97%]
tests/test_template_matcher.py::TestScoringDetails::test_score_increases_with_better_match PASSED [ 98%]
tests/test_template_matcher.py::TestShapeKeywordMatching::test_target_without_shape_keyword_rejects_arc_template PASSED [ 98%]
tests/test_template_matcher.py::TestShapeKeywordMatching::test_target_without_shape_keyword_rejects_circle_template PASSED [ 99%]
tests/test_template_matcher.py::TestShapeKeywordMatching::test_direction_keyword_allowed_with_shape_mismatch PASSED [100%]

============================== warnings summary ===============================
tests/test_fix_validation.py::test_name_parser
  C:\Users\Administrator\AppData\Local\Programs\Python\Python313\Lib\site-packages\_pytest\python.py:171: PytestReturnNotNoneWarning: Test functions should return None, but tests/test_fix_validation.py::test_name_parser returned <class 'bool'>.
  Did you mean to use `assert` instead of `return`?
  See https://docs.pytest.org/en/stable/how-to/assert.html#return-not-none for more information.
    warnings.warn(

tests/test_fix_validation.py::test_direction_correction
  C:\Users\Administrator\AppData\Local\Programs\Python\Python313\Lib\site-packages\_pytest\python.py:171: PytestReturnNotNoneWarning: Test functions should return None, but tests/test_fix_validation.py::test_direction_correction returned <class 'bool'>.
  Did you mean to use `assert` instead of `return`?
  See https://docs.pytest.org/en/stable/how-to/assert.html#return-not-none for more information.
    warnings.warn(

tests/test_fix_validation.py::test_margin_validation
  C:\Users\Administrator\AppData\Local\Programs\Python\Python313\Lib\site-packages\_pytest\python.py:171: PytestReturnNotNoneWarning: Test functions should return None, but tests/test_fix_validation.py::test_margin_validation returned <class 'bool'>.
  Did you mean to use `assert` instead of `return`?
  See https://docs.pytest.org/en/stable/how-to/assert.html#return-not-none for more information.
    warnings.warn(

-- Docs: https://docs.pytest.org/en/stable/how-to/capture-warnings.html
=========== 146 passed, 5 skipped, 3 warnings in 299.92s (0:04:59) ============
