[2026-08-12 16:30:38] [WARNING] [core.parser.name_parser] [name_parser] no corners parsed from: '吸水皮革-定制-定制尺寸-白色大理石2;60X180CM'
[2026-08-12 16:30:38] [WARNING] [core.parser.name_parser] [name_parser] no corners parsed from: '吸水皮革-定制-定制尺寸-克罗印花;49X110CM'
[2026-08-12 16:30:38] [WARNING] [core.parser.name_parser] [name_parser] no corners parsed from: '吸水皮革-定制-定制尺寸-克罗印花;126X150CM'
[2026-08-12 16:30:38] [WARNING] [core.parser.name_parser] [name_parser] no corners parsed from: '吸水皮革-定制-定制尺寸-克罗印花;140X170CM'
[2026-08-12 16:30:38] [WARNING] [core.parser.name_parser] [name_parser] no corners parsed from: '吸水皮革-定制-定制尺寸-摩登空间;39X130CM'
[2026-08-12 16:30:38] [WARNING] [core.parser.name_parser] [name_parser] no corners parsed from: '吸水皮革-定制-定制尺寸-中古雨林;32.5X179.5CM'
[2026-08-12 16:30:38] [WARNING] [core.parser.name_parser] [name_parser] no corners parsed from: '双面格-定制-定制尺寸-安妮森林;15X176CM'
[2026-08-12 16:30:38] [WARNING] [core.parser.name_parser] [name_parser] no corners parsed from: '双面格-定制-定制尺寸-戴安娜;39.8X147.4CM'
[2026-08-12 16:30:38] [WARNING] [core.parser.name_parser] [name_parser] no corners parsed from: '双面格-定制-定制尺寸-花满金陵;42X93CM'
[2026-08-12 16:30:38] [WARNING] [core.parser.name_parser] [name_parser] no corners parsed from: '双面格-定制-定制尺寸-花漾之约;27X242CM'
[2026-08-12 16:30:38] [WARNING] [core.parser.name_parser] [name_parser] no corners parsed from: '双面格-定制-定制尺寸-简欧12;100X100CM'
[2026-08-12 16:30:38] [WARNING] [core.parser.name_parser] [name_parser] no corners parsed from: '双面格-定制-定制尺寸-克罗印花;58X116CM'
[2026-08-12 16:30:38] [WARNING] [core.parser.name_parser] [name_parser] no corners parsed from: '双面格-定制-定制尺寸-蔓生花;60X60CM'
[2026-08-12 16:30:38] [WARNING] [core.parser.name_parser] [name_parser] no corners parsed from: '双面格-定制-定制尺寸-尼姆八格;38X52CM'
[2026-08-12 16:30:38] [WARNING] [core.parser.name_parser] [name_parser] no corners parsed from: '吸水皮革-定制-定制尺寸-灰色大理石1;60x360CM'
[2026-08-12 16:30:38] [WARNING] [core.parser.name_parser] [name_parser] no corners parsed from: '双面格-定制-定制尺寸-塞纳时光;85x120CM裁剪四个圆角半径是3cm'
[2026-08-12 16:30:38] [WARNING] [core.parser.name_parser] [name_parser] no corners parsed from: '双面格-定制-定制尺寸-塞纳时光;48.5x229cm做2组图案已确认效果图'
[2026-08-12 16:30:38] [WARNING] [core.parser.name_parser] [name_parser] no corners parsed from: '双面格-定制-定制尺寸-素华牡丹;38x256cm'
[2026-08-12 16:30:38] [WARNING] [core.parser.name_parser] [name_parser] no corners parsed from: '双面格-标准-35x130-尼姆八格;35x130'
[2026-08-12 16:30:38] [WARNING] [core.parser.name_parser] [name_parser] no corners parsed from: '双面格-标准-30x80-尼姆八格;30x80'
[2026-08-12 16:30:38] [WARNING] [core.parser.name_parser] [name_parser] no corners parsed from: '双面格-定制-定制尺寸-鲁昂画廊;30x204CM'
[2026-08-12 16:30:38] [WARNING] [core.parser.name_parser] [name_parser] no corners parsed from: '吸水皮革-定制-裁剪有图-中古大花;58x110CM剪裁有图余料也发'
[2026-08-12 16:30:38] [WARNING] [core.parser.name_parser] [name_parser] no corners parsed from: '双面格-定制-裁剪有图-蔓生花;80x140CM剪裁有图'
[2026-08-12 16:30:38] [WARNING] [core.parser.name_parser] [name_parser] no corners parsed from: '吸水皮革-定制-裁剪有图-克罗印花;62.7x100CM剪裁有图余料也发'
[2026-08-12 16:30:38] [WARNING] [core.parser.name_parser] [name_parser] no corners parsed from: '吸水皮革-定制-定制尺寸-中古大花;55x251CM裁剪图'
[2026-08-12 16:30:38] [WARNING] [core.parser.name_parser] [name_parser] no corners parsed from: '吸水皮革-定制-裁剪有图-克罗印花;80x200CM剪裁有图余料也发'
[2026-08-12 16:30:38] [WARNING] [core.parser.name_parser] [name_parser] no corners parsed from: '吸水皮革-定制-裁剪有图-克罗印花;59x165CM剪裁有图余料也发'
[2026-08-12 16:30:38] [WARNING] [core.parser.name_parser] [name_parser] no corners parsed from: '双面格-定制-裁剪有图-塞纳时光;75x130CM裁剪有图'
[2026-08-12 16:30:38] [WARNING] [core.parser.name_parser] [name_parser] no corners parsed from: '双面格-定制-裁剪有图-堇色素颜;80x130CM裁剪有图'
[2026-08-12 16:30:38] [WARNING] [core.parser.name_parser] [name_parser] no corners parsed from: '双面格-定制-裁剪有图-安妮森林;113x189CM裁剪有图'
[2026-08-12 16:30:38] [WARNING] [core.parser.name_parser] [name_parser] no corners parsed from: '吸水皮革-定制-裁剪有图-白色大理石1;58.1x125CM剪裁有图余料也发'
[2026-08-12 16:30:38] [WARNING] [core.parser.name_parser] [name_parser] no corners parsed from: '吸水皮革-定制-裁剪有图-白色大理石7号;58x88.5CM裁剪有图需要裁剪'
[2026-08-12 16:30:38] [WARNING] [core.parser.name_parser] [name_parser] no corners parsed from: '吸水皮革-定制-裁剪有图-中古大花;57.8x84.2CM剪裁有图'
[2026-08-12 16:30:38] [WARNING] [core.parser.name_parser] [name_parser] no corners parsed from: '双面格-定制-裁剪有图-塞纳时光;55.5x85.5CM裁剪有图'
[2026-08-12 16:30:38] [WARNING] [core.parser.name_parser] [name_parser] no corners parsed from: '双面格-定制-定制尺寸-暗夜缪斯;50X75CM'
[2026-08-12 16:30:38] [WARNING] [core.parser.name_parser] [name_parser] no corners parsed from: '双面格-定制-定制尺寸-纯黑色;36X66CM'
[2026-08-12 16:30:38] [WARNING] [core.parser.name_parser] [name_parser] no corners parsed from: '双面格-定制-定制尺寸-戴安娜;33.2X136.5CM'
[2026-08-12 16:30:38] [WARNING] [core.parser.name_parser] [name_parser] no corners parsed from: '双面格-定制-定制尺寸-戴安娜;37.9X159.4CM'
[2026-08-12 16:30:38] [WARNING] [core.parser.name_parser] [name_parser] no corners parsed from: '双面格-定制-定制尺寸-凡尔赛的梦;80X106CM'
[2026-08-12 16:30:38] [WARNING] [core.parser.name_parser] [name_parser] no corners parsed from: '双面格-定制-定制尺寸-花漾之约;28X250CM'
[2026-08-12 16:30:38] [WARNING] [core.parser.name_parser] [name_parser] no corners parsed from: '双面格-定制-定制尺寸-花野;34.5X113CM'
[2026-08-12 16:30:38] [WARNING] [core.parser.name_parser] [name_parser] no corners parsed from: '双面格-定制-定制尺寸-克罗印花;35X101CM'
[2026-08-12 16:30:38] [WARNING] [core.parser.name_parser] [name_parser] no corners parsed from: '双面格-定制-定制尺寸-庄园秘境;64X146CM'
[2026-08-12 16:30:38] [WARNING] [core.parser.name_parser] [name_parser] no corners parsed from: '吸水皮革-定制-定制尺寸-白色大理石2号;70X80CM'
[2026-08-12 16:30:38] [WARNING] [core.parser.name_parser] [name_parser] no corners parsed from: '吸水皮革-定制-定制尺寸-蔓生花;28X40CM'
[2026-08-12 16:30:38] [WARNING] [core.parser.name_parser] [name_parser] no corners parsed from: '吸水皮革-定制-定制尺寸-蔓生花;42X49CM'
[2026-08-12 16:30:38] [WARNING] [core.parser.name_parser] [name_parser] no corners parsed from: '吸水皮革-定制-定制尺寸-蔓生花;58X62CM'
[2026-08-12 16:30:38] [WARNING] [core.parser.name_parser] [name_parser] no corners parsed from: '吸水皮革-定制-定制尺寸-蔓生花;10x79CM'
[2026-08-12 16:30:38] [WARNING] [core.parser.name_parser] [name_parser] no corners parsed from: '吸水皮革-定制-定制尺寸-蔓生花;10x48CM'
[2026-08-12 16:30:38] [WARNING] [core.parser.name_parser] [name_parser] no corners parsed from: '吸水皮革-定制-定制尺寸-克罗印花;58x149CM右下角是半径2cm的圆角'
[2026-08-12 16:30:38] [WARNING] [core.parser.name_parser] [name_parser] no corners parsed from: '双面格-定制-定制尺寸-纯黑色;47.7x94.5CM'
[2026-08-12 16:30:38] [WARNING] [core.parser.name_parser] [name_parser] no corners parsed from: '双面格-定制-定制尺寸-纯黑色;32.7x153.1CM'
[2026-08-12 16:30:38] [WARNING] [core.parser.name_parser] [name_parser] no corners parsed from: '镜面皮革-定制-定制尺寸-青禾手记方形;横版117x241CM'
[2026-08-12 16:30:38] [WARNING] [core.parser.name_parser] [name_parser] no corners parsed from: '吸水皮革-定制-定制尺寸-繁花说;60x70CM四个角都是半径3cm的圆角'
[2026-08-12 16:30:39] [WARNING] [core.parser.name_parser] [name_parser] no corners parsed from: '吸水皮革-定制-定制尺寸-繁花说;60x70CM四个角都是半径3cm的圆角'
